01:58:02 | INFO     | 
╔══════════════════════════════════════════════════════════╗
01:58:02 | INFO     | ║   ARIES — Speech Emotion Recognition Training Pipeline  ║
01:58:02 | INFO     | ╚══════════════════════════════════════════════════════════╝
01:58:02 | INFO     |   Started: 2026-06-04 01:58:02
01:58:02 | INFO     |   BASE_DIR   : C:\Users\Manan Sharma\OneDrive\Documents\ai interview project\interview_evaluator
01:58:02 | INFO     |   DATA_DIR   : C:\Users\Manan Sharma\OneDrive\Documents\ai interview project\interview_evaluator\data
01:58:02 | INFO     |   MODELS_DIR : C:\Users\Manan Sharma\OneDrive\Documents\ai interview project\interview_evaluator\models
01:58:02 | INFO     | 
[STEP 1/6] Loading dataset...
01:58:02 | INFO     | ============================================================
01:58:02 | INFO     | LOADING DATASET
01:58:02 | INFO     |   RAVDESS : C:\Users\Manan Sharma\OneDrive\Documents\ai interview project\interview_evaluator\data\Audio_Speech_Actors_01-24
01:58:02 | INFO     |   CREMA-D : C:\Users\Manan Sharma\OneDrive\Documents\ai interview project\interview_evaluator\data\CREMA-D
01:58:02 | INFO     |   VAD     : True
01:58:02 | INFO     |   Augment : False 
01:58:02 | INFO     | ============================================================
01:58:02 | INFO     | [INFO] Loading cached features from: C:\Users\Manan Sharma\OneDrive\Documents\ai interview project\interview_evaluator\data\cache\emotion_features_v2_no_aug.npz
01:58:02 | INFO     | [INFO] Cache loaded — 8882 samples, 213 features
01:58:02 | INFO     |   Emotion distribution (raw labels):
01:58:02 | INFO     |     angry       :  1463  █████████████████████████████
01:58:02 | INFO     |     calm        :   192  ███
01:58:02 | INFO     |     disgust     :  1463  █████████████████████████████
01:58:02 | INFO     |     fearful     :  1463  █████████████████████████████
01:58:02 | INFO     |     happy       :  1463  █████████████████████████████
01:58:02 | INFO     |     neutral     :  1183  ███████████████████████
01:58:02 | INFO     |     sad         :  1463  █████████████████████████████
01:58:02 | INFO     |     surprised   :   192  ███
01:58:02 | INFO     | 
[STEP 2/6] Encoding labels...
01:58:02 | INFO     |   Classes: [np.str_('angry'), np.str_('calm'), np.str_('disgust'), np.str_('fearful'), np.str_('happy'), np.str_('neutral'), np.str_('sad'), np.str_('surprised')]
01:58:02 | INFO     |   Class counts: {np.int64(0): np.int64(1463), np.int64(1): np.int64(192), np.int64(2): np.int64(1463), np.int64(3): np.int64(1463), np.int64(4): np.int64(1463), np.int64(5): np.int64(1183), np.int64(6): np.int64(1463), np.int64(7): np.int64(192)}
01:58:02 | INFO     | 
[STEP 3/6] Speaker-aware train/test split...
01:58:02 | INFO     | Speaker split: 20 RAVDESS train speakers, 4 test
01:58:02 | INFO     |               73 CREMA train speakers, 18 test
01:58:02 | INFO     | Train samples: 7172 | Test samples: 1710
01:58:02 | INFO     |   Train: 7172 samples
01:58:02 | INFO     |   Test : 1710 samples
01:58:02 | INFO     | 
[STEP 4/6] Scaling features (StandardScaler)...
01:58:02 | INFO     |   Feature mean range: [-0.000, 0.000]
01:58:02 | INFO     | 
[STEP 5/6] Training models...
01:58:02 | INFO     | ============================================================
01:58:02 | INFO     | MODEL TRAINING
01:58:02 | INFO     |   Samples      : 7172
01:58:02 | INFO     |   Features     : 213
01:58:02 | INFO     |   Classes      : [np.str_('angry'), np.str_('calm'), np.str_('disgust'), np.str_('fearful'), np.str_('happy'), np.str_('neutral'), np.str_('sad'), np.str_('surprised')]
01:58:02 | INFO     |   GridSearchCV : True
01:58:02 | INFO     |   Outer CV folds: 5
01:58:02 | INFO     | ============================================================
01:58:02 | INFO     | 
── Training: Random Forest ──
01:58:02 | INFO     |   Running GridSearchCV (inner cv=3)...
02:00:03 | INFO     |   Best params : {'max_depth': None, 'max_features': 'sqrt', 'min_samples_split': 5, 'n_estimators': 400}
02:00:03 | INFO     |   Best CV acc : 44.02%
02:00:03 | INFO     |   Running 5-fold outer CV for unbiased estimate...
02:00:26 | INFO     |   CV Accuracy : 51.83% ± 0.92%
02:00:26 | INFO     |   Time taken  : 144.3s
02:00:26 | INFO     | 
── Training: SVM ──
02:00:26 | INFO     |   Running GridSearchCV (inner cv=3)...
02:05:09 | INFO     |   Best params : {'C': 1, 'gamma': 'scale'}
02:05:09 | INFO     |   Best CV acc : 44.87%
02:05:09 | INFO     |   Running 5-fold outer CV for unbiased estimate...
02:06:57 | INFO     |   CV Accuracy : 52.91% ± 0.82%
02:06:57 | INFO     |   Time taken  : 391.1s
02:06:57 | INFO     | 
── Training: XGBoost ──
02:06:57 | INFO     |   Running GridSearchCV (inner cv=3)...
