18:09:13 | INFO     | 
╔══════════════════════════════════════════════════════════╗
18:09:13 | INFO     | ║   ARIES — Speech Emotion Recognition Training Pipeline  ║
18:09:13 | INFO     | ╚══════════════════════════════════════════════════════════╝
18:09:13 | INFO     |   Started: 2026-06-03 18:09:13
18:09:13 | INFO     |   BASE_DIR   : C:\Users\Manan Sharma\OneDrive\Documents\ai interview project\interview_evaluator
18:09:13 | INFO     |   DATA_DIR   : C:\Users\Manan Sharma\OneDrive\Documents\ai interview project\interview_evaluator\data
18:09:13 | INFO     |   MODELS_DIR : C:\Users\Manan Sharma\OneDrive\Documents\ai interview project\interview_evaluator\models
18:09:13 | INFO     | 
[STEP 1/6] Loading dataset...
18:09:13 | INFO     | ============================================================
18:09:13 | INFO     | LOADING DATASET
18:09:13 | INFO     |   RAVDESS : C:\Users\Manan Sharma\OneDrive\Documents\ai interview project\interview_evaluator\data\Audio_Speech_Actors_01-24
18:09:13 | INFO     |   CREMA-D : C:\Users\Manan Sharma\OneDrive\Documents\ai interview project\interview_evaluator\data\CREMA-D
18:09:13 | INFO     |   VAD     : True
18:09:13 | INFO     |   Augment : True ['noise', 'pitch', 'stretch', 'volume']
18:09:13 | INFO     | ============================================================
18:09:13 | INFO     | RAVDESS: found 24 speakers, 1440 files
18:09:13 | INFO     | CREMA-D: found 7442 .wav files, parsing...
18:09:13 | INFO     | CREMA-D: found 91 speakers, 7442 files
18:09:13 | INFO     | Total speakers: 115, Total files: 8882
18:29:07 | INFO     |   Progress: 500/8882 original samples | 0/s | ~20013s remaining
18:49:31 | INFO     |   Progress: 1000/8882 original samples | 0/s | ~19055s remaining
