18:04:25 | INFO     | 
╔══════════════════════════════════════════════════════════╗
18:04:25 | INFO     | ║   ARIES — Speech Emotion Recognition Training Pipeline  ║
18:04:25 | INFO     | ╚══════════════════════════════════════════════════════════╝
18:04:25 | INFO     |   Started: 2026-06-03 18:04:25
18:04:25 | INFO     |   BASE_DIR   : c:\Users\Manan Sharma\OneDrive\Documents\ai interview project\interview_evaluator
18:04:25 | INFO     |   DATA_DIR   : c:\Users\Manan Sharma\OneDrive\Documents\ai interview project\interview_evaluator\data
18:04:25 | INFO     |   MODELS_DIR : c:\Users\Manan Sharma\OneDrive\Documents\ai interview project\interview_evaluator\models
18:04:25 | INFO     | 
[STEP 1/6] Loading dataset...
18:04:25 | INFO     | ============================================================
18:04:25 | INFO     | LOADING DATASET
18:04:25 | INFO     |   RAVDESS : c:\Users\Manan Sharma\OneDrive\Documents\ai interview project\interview_evaluator\data\Audio_Speech_Actors_01-24
18:04:25 | INFO     |   CREMA-D : c:\Users\Manan Sharma\OneDrive\Documents\ai interview project\interview_evaluator\data\CREMA-D
18:04:25 | INFO     |   VAD     : True
18:04:25 | INFO     |   Augment : True ['noise', 'pitch', 'stretch', 'volume']
18:04:25 | INFO     | ============================================================
18:04:26 | INFO     | RAVDESS: found 24 speakers, 1440 files
18:04:26 | INFO     | CREMA-D: found 7442 .wav files, parsing...
18:04:26 | INFO     | CREMA-D: found 91 speakers, 7442 files
18:04:26 | INFO     | Total speakers: 115, Total files: 8882
18:23:20 | INFO     |   Progress: 500/8882 original samples | 0/s | ~19012s remaining
18:42:59 | INFO     |   Progress: 1000/8882 original samples | 0/s | ~18237s remaining
19:07:20 | INFO     |   Progress: 1500/8882 original samples | 0/s | ~18575s remaining
