01:07:06 | INFO     | 
╔══════════════════════════════════════════════════════════╗
01:07:06 | INFO     | ║   ARIES — Speech Emotion Recognition Training Pipeline  ║
01:07:06 | INFO     | ╚══════════════════════════════════════════════════════════╝
01:07:06 | INFO     |   Started: 2026-06-04 01:07:06
01:07:06 | INFO     |   BASE_DIR   : C:\Users\Manan Sharma\OneDrive\Documents\ai interview project\interview_evaluator
01:07:06 | INFO     |   DATA_DIR   : C:\Users\Manan Sharma\OneDrive\Documents\ai interview project\interview_evaluator\data
01:07:06 | INFO     |   MODELS_DIR : C:\Users\Manan Sharma\OneDrive\Documents\ai interview project\interview_evaluator\models
01:07:06 | INFO     | 
[STEP 1/6] Loading dataset...
01:07:06 | INFO     | ============================================================
01:07:06 | INFO     | LOADING DATASET
01:07:06 | INFO     |   RAVDESS : C:\Users\Manan Sharma\OneDrive\Documents\ai interview project\interview_evaluator\data\Audio_Speech_Actors_01-24
01:07:06 | INFO     |   CREMA-D : C:\Users\Manan Sharma\OneDrive\Documents\ai interview project\interview_evaluator\data\CREMA-D
01:07:06 | INFO     |   VAD     : True
01:07:06 | INFO     |   Augment : False 
01:07:06 | INFO     | ============================================================
01:07:06 | INFO     | RAVDESS: found 24 speakers, 1440 files
01:07:06 | INFO     | CREMA-D: found 7442 .wav files, parsing...
01:07:06 | INFO     | CREMA-D: found 91 speakers, 7442 files
01:07:06 | INFO     | Total speakers: 115, Total files: 8882
01:07:06 | INFO     | [INFO] Building feature cache...
01:07:06 | INFO     |   Parallel extraction : n_jobs=-1, backend=loky
01:07:06 | INFO     |   Tasks queued        : 8882 original files
01:07:36 | INFO     |   Processed 100/8882 files | 30s elapsed | 3.3 files/sec | ~2640s remaining
01:07:49 | INFO     |   Processed 200/8882 files | 43s elapsed | 4.6 files/sec | ~1875s remaining
01:08:02 | INFO     |   Processed 300/8882 files | 56s elapsed | 5.3 files/sec | ~1607s remaining
01:08:15 | INFO     |   Processed 400/8882 files | 69s elapsed | 5.8 files/sec | ~1460s remaining
01:08:27 | INFO     |   Processed 500/8882 files | 81s elapsed | 6.2 files/sec | ~1363s remaining
01:08:40 | INFO     |   Processed 600/8882 files | 94s elapsed | 6.4 files/sec | ~1292s remaining
01:08:52 | INFO     |   Processed 700/8882 files | 106s elapsed | 6.6 files/sec | ~1240s remaining
01:09:05 | INFO     |   Processed 800/8882 files | 119s elapsed | 6.7 files/sec | ~1203s remaining
01:09:17 | INFO     |   Processed 900/8882 files | 131s elapsed | 6.9 files/sec | ~1165s remaining
01:09:29 | INFO     |   Processed 1000/8882 files | 143s elapsed | 7.0 files/sec | ~1130s remaining
01:09:43 | INFO     |   Processed 1100/8882 files | 157s elapsed | 7.0 files/sec | ~1108s remaining
01:09:57 | INFO     |   Processed 1200/8882 files | 171s elapsed | 7.0 files/sec | ~1092s remaining
01:10:11 | INFO     |   Processed 1300/8882 files | 185s elapsed | 7.0 files/sec | ~1076s remaining
01:10:24 | INFO     |   Processed 1400/8882 files | 198s elapsed | 7.1 files/sec | ~1056s remaining
01:10:36 | INFO     |   Processed 1500/8882 files | 210s elapsed | 7.1 files/sec | ~1033s remaining
01:10:48 | INFO     |   Processed 1600/8882 files | 222s elapsed | 7.2 files/sec | ~1011s remaining
01:11:02 | INFO     |   Processed 1700/8882 files | 236s elapsed | 7.2 files/sec | ~995s remaining
01:11:14 | INFO     |   Processed 1800/8882 files | 248s elapsed | 7.2 files/sec | ~977s remaining
01:11:27 | INFO     |   Processed 1900/8882 files | 261s elapsed | 7.3 files/sec | ~960s remaining
01:11:41 | INFO     |   Processed 2000/8882 files | 275s elapsed | 7.3 files/sec | ~946s remaining
01:11:54 | INFO     |   Processed 2100/8882 files | 288s elapsed | 7.3 files/sec | ~931s remaining
01:12:12 | INFO     |   Processed 2200/8882 files | 306s elapsed | 7.2 files/sec | ~930s remaining
01:12:30 | INFO     |   Processed 2300/8882 files | 324s elapsed | 7.1 files/sec | ~926s remaining
01:12:46 | INFO     |   Processed 2400/8882 files | 340s elapsed | 7.1 files/sec | ~918s remaining
01:13:02 | INFO     |   Processed 2500/8882 files | 356s elapsed | 7.0 files/sec | ~908s remaining
01:13:18 | INFO     |   Processed 2600/8882 files | 372s elapsed | 7.0 files/sec | ~898s remaining
01:13:34 | INFO     |   Processed 2700/8882 files | 387s elapsed | 7.0 files/sec | ~887s remaining
01:13:49 | INFO     |   Processed 2800/8882 files | 403s elapsed | 7.0 files/sec | ~875s remaining
01:14:04 | INFO     |   Processed 2900/8882 files | 418s elapsed | 6.9 files/sec | ~863s remaining
01:14:19 | INFO     |   Processed 3000/8882 files | 433s elapsed | 6.9 files/sec | ~849s remaining
01:14:35 | INFO     |   Processed 3100/8882 files | 449s elapsed | 6.9 files/sec | ~838s remaining
01:14:51 | INFO     |   Processed 3200/8882 files | 465s elapsed | 6.9 files/sec | ~825s remaining
01:15:05 | INFO     |   Processed 3300/8882 files | 479s elapsed | 6.9 files/sec | ~811s remaining
01:15:20 | INFO     |   Processed 3400/8882 files | 494s elapsed | 6.9 files/sec | ~797s remaining
01:15:34 | INFO     |   Processed 3500/8882 files | 508s elapsed | 6.9 files/sec | ~781s remaining
01:15:48 | INFO     |   Processed 3600/8882 files | 522s elapsed | 6.9 files/sec | ~766s remaining
01:16:04 | INFO     |   Processed 3700/8882 files | 538s elapsed | 6.9 files/sec | ~754s remaining
01:16:19 | INFO     |   Processed 3800/8882 files | 553s elapsed | 6.9 files/sec | ~740s remaining
01:16:36 | INFO     |   Processed 3900/8882 files | 569s elapsed | 6.8 files/sec | ~727s remaining
01:16:57 | INFO     |   Processed 4000/8882 files | 591s elapsed | 6.8 files/sec | ~721s remaining
01:17:18 | INFO     |   Processed 4100/8882 files | 612s elapsed | 6.7 files/sec | ~714s remaining
01:17:34 | INFO     |   Processed 4200/8882 files | 628s elapsed | 6.7 files/sec | ~700s remaining
01:17:56 | INFO     |   Processed 4300/8882 files | 650s elapsed | 6.6 files/sec | ~693s remaining
01:18:12 | INFO     |   Processed 4400/8882 files | 666s elapsed | 6.6 files/sec | ~678s remaining
01:18:27 | INFO     |   Processed 4500/8882 files | 681s elapsed | 6.6 files/sec | ~663s remaining
01:18:41 | INFO     |   Processed 4600/8882 files | 695s elapsed | 6.6 files/sec | ~647s remaining
01:18:57 | INFO     |   Processed 4700/8882 files | 711s elapsed | 6.6 files/sec | ~633s remaining
01:19:12 | INFO     |   Processed 4800/8882 files | 725s elapsed | 6.6 files/sec | ~617s remaining
01:19:26 | INFO     |   Processed 4900/8882 files | 740s elapsed | 6.6 files/sec | ~601s remaining
01:19:40 | INFO     |   Processed 5000/8882 files | 754s elapsed | 6.6 files/sec | ~585s remaining
01:19:55 | INFO     |   Processed 5100/8882 files | 769s elapsed | 6.6 files/sec | ~570s remaining
01:20:09 | INFO     |   Processed 5200/8882 files | 783s elapsed | 6.6 files/sec | ~555s remaining
01:20:24 | INFO     |   Processed 5300/8882 files | 798s elapsed | 6.6 files/sec | ~539s remaining
01:20:39 | INFO     |   Processed 5400/8882 files | 813s elapsed | 6.6 files/sec | ~524s remaining
01:20:55 | INFO     |   Processed 5500/8882 files | 829s elapsed | 6.6 files/sec | ~510s remaining
01:21:10 | INFO     |   Processed 5600/8882 files | 843s elapsed | 6.6 files/sec | ~494s remaining
01:21:24 | INFO     |   Processed 5700/8882 files | 858s elapsed | 6.6 files/sec | ~479s remaining
01:21:38 | INFO     |   Processed 5800/8882 files | 872s elapsed | 6.7 files/sec | ~463s remaining
01:21:54 | INFO     |   Processed 5900/8882 files | 888s elapsed | 6.6 files/sec | ~449s remaining
01:22:09 | INFO     |   Processed 6000/8882 files | 903s elapsed | 6.6 files/sec | ~434s remaining
01:22:24 | INFO     |   Processed 6100/8882 files | 918s elapsed | 6.6 files/sec | ~419s remaining
01:22:39 | INFO     |   Processed 6200/8882 files | 933s elapsed | 6.6 files/sec | ~404s remaining
01:22:54 | INFO     |   Processed 6300/8882 files | 948s elapsed | 6.6 files/sec | ~388s remaining
01:23:12 | INFO     |   Processed 6400/8882 files | 966s elapsed | 6.6 files/sec | ~375s remaining
01:23:29 | INFO     |   Processed 6500/8882 files | 983s elapsed | 6.6 files/sec | ~360s remaining
01:23:50 | INFO     |   Processed 6600/8882 files | 1004s elapsed | 6.6 files/sec | ~347s remaining
01:24:07 | INFO     |   Processed 6700/8882 files | 1021s elapsed | 6.6 files/sec | ~333s remaining
01:24:26 | INFO     |   Processed 6800/8882 files | 1040s elapsed | 6.5 files/sec | ~318s remaining
01:24:41 | INFO     |   Processed 6900/8882 files | 1055s elapsed | 6.5 files/sec | ~303s remaining
01:24:56 | INFO     |   Processed 7000/8882 files | 1070s elapsed | 6.5 files/sec | ~288s remaining
01:25:13 | INFO     |   Processed 7100/8882 files | 1087s elapsed | 6.5 files/sec | ~273s remaining
01:25:28 | INFO     |   Processed 7200/8882 files | 1102s elapsed | 6.5 files/sec | ~258s remaining
01:25:42 | INFO     |   Processed 7300/8882 files | 1116s elapsed | 6.5 files/sec | ~242s remaining
01:25:56 | INFO     |   Processed 7400/8882 files | 1130s elapsed | 6.5 files/sec | ~226s remaining
01:26:09 | INFO     |   Processed 7500/8882 files | 1142s elapsed | 6.6 files/sec | ~211s remaining
01:26:22 | INFO     |   Processed 7600/8882 files | 1156s elapsed | 6.6 files/sec | ~195s remaining
01:26:35 | INFO     |   Processed 7700/8882 files | 1169s elapsed | 6.6 files/sec | ~179s remaining
01:26:48 | INFO     |   Processed 7800/8882 files | 1182s elapsed | 6.6 files/sec | ~164s remaining
01:27:01 | INFO     |   Processed 7900/8882 files | 1195s elapsed | 6.6 files/sec | ~148s remaining
01:27:13 | INFO     |   Processed 8000/8882 files | 1207s elapsed | 6.6 files/sec | ~133s remaining
01:27:26 | INFO     |   Processed 8100/8882 files | 1220s elapsed | 6.6 files/sec | ~118s remaining
01:27:39 | INFO     |   Processed 8200/8882 files | 1233s elapsed | 6.7 files/sec | ~103s remaining
01:27:52 | INFO     |   Processed 8300/8882 files | 1246s elapsed | 6.7 files/sec | ~87s remaining
01:28:05 | INFO     |   Processed 8400/8882 files | 1259s elapsed | 6.7 files/sec | ~72s remaining
01:28:18 | INFO     |   Processed 8500/8882 files | 1272s elapsed | 6.7 files/sec | ~57s remaining
01:28:32 | INFO     |   Processed 8600/8882 files | 1286s elapsed | 6.7 files/sec | ~42s remaining
01:28:45 | INFO     |   Processed 8700/8882 files | 1299s elapsed | 6.7 files/sec | ~27s remaining
01:28:59 | INFO     |   Processed 8800/8882 files | 1313s elapsed | 6.7 files/sec | ~12s remaining
01:29:10 | INFO     |   Processed 8882/8882 files | 1324s elapsed | 6.7 files/sec | ~0s remaining
01:29:10 | INFO     | Dataset loaded in 1323.5s
01:29:10 | INFO     |   Samples extracted : 8882
01:29:10 | INFO     |   Files failed      : 0
01:29:10 | INFO     |   Feature dimensions: 213
01:29:10 | INFO     |   Emotion distribution (raw labels):
01:29:10 | INFO     |     angry       :  1463  █████████████████████████████
01:29:10 | INFO     |     calm        :   192  ███
01:29:10 | INFO     |     disgust     :  1463  █████████████████████████████
01:29:10 | INFO     |     fearful     :  1463  █████████████████████████████
01:29:10 | INFO     |     happy       :  1463  █████████████████████████████
01:29:10 | INFO     |     neutral     :  1183  ███████████████████████
01:29:10 | INFO     |     sad         :  1463  █████████████████████████████
01:29:10 | INFO     |     surprised   :   192  ███
01:29:10 | INFO     | [INFO] Saving feature cache to: C:\Users\Manan Sharma\OneDrive\Documents\ai interview project\interview_evaluator\data\cache\emotion_features_v2_no_aug.npz
01:29:11 | INFO     | [INFO] Cache saved (9.2 MB) — future runs will load in seconds.
01:29:12 | INFO     | 
[STEP 2/6] Encoding labels...
01:29:12 | INFO     |   Classes: [np.str_('angry'), np.str_('calm'), np.str_('disgust'), np.str_('fearful'), np.str_('happy'), np.str_('neutral'), np.str_('sad'), np.str_('surprised')]
01:29:12 | INFO     |   Class counts: {np.int64(0): np.int64(1463), np.int64(1): np.int64(192), np.int64(2): np.int64(1463), np.int64(3): np.int64(1463), np.int64(4): np.int64(1463), np.int64(5): np.int64(1183), np.int64(6): np.int64(1463), np.int64(7): np.int64(192)}
01:29:12 | INFO     | 
[STEP 3/6] Speaker-aware train/test split...
01:29:12 | INFO     | Speaker split: 20 RAVDESS train speakers, 4 test
01:29:12 | INFO     |               73 CREMA train speakers, 18 test
01:29:12 | INFO     | Train samples: 7172 | Test samples: 1710
01:29:12 | INFO     |   Train: 7172 samples
01:29:12 | INFO     |   Test : 1710 samples
01:29:12 | INFO     | 
[STEP 4/6] Scaling features (StandardScaler)...
01:29:12 | INFO     |   Feature mean range: [-0.000, 0.000]
01:29:12 | INFO     | 
[STEP 5/6] Training models...
01:29:12 | INFO     | ============================================================
01:29:12 | INFO     | MODEL TRAINING
01:29:12 | INFO     |   Samples      : 7172
01:29:12 | INFO     |   Features     : 213
01:29:12 | INFO     |   Classes      : [np.str_('angry'), np.str_('calm'), np.str_('disgust'), np.str_('fearful'), np.str_('happy'), np.str_('neutral'), np.str_('sad'), np.str_('surprised')]
01:29:12 | INFO     |   GridSearchCV : True
01:29:12 | INFO     |   Outer CV folds: 5
01:29:12 | INFO     | ============================================================
01:29:12 | WARNING  | XGBoost not installed — skipping. pip install xgboost
01:29:12 | WARNING  | LightGBM not installed — skipping. pip install lightgbm
01:29:12 | INFO     | 
── Training: Random Forest ──
01:29:12 | INFO     |   Running GridSearchCV (inner cv=3)...
01:31:16 | INFO     |   Best params : {'max_depth': None, 'max_features': 'sqrt', 'min_samples_split': 5, 'n_estimators': 400}
01:31:16 | INFO     |   Best CV acc : 44.02%
01:31:16 | INFO     |   Running 5-fold outer CV for unbiased estimate...
01:31:45 | INFO     |   CV Accuracy : 51.83% ± 0.92%
01:31:45 | INFO     |   Time taken  : 153.3s
01:31:45 | INFO     | 
── Training: SVM ──
01:31:45 | INFO     |   Running GridSearchCV (inner cv=3)...
01:38:25 | INFO     |   Best params : {'C': 1, 'gamma': 'scale'}
01:38:25 | INFO     |   Best CV acc : 44.87%
01:38:25 | INFO     |   Running 5-fold outer CV for unbiased estimate...
01:40:17 | INFO     |   CV Accuracy : 52.91% ± 0.82%
01:40:18 | INFO     |   Time taken  : 512.2s
01:40:18 | INFO     | 
[STEP 6/6] Evaluating on held-out test set...
01:40:18 | INFO     | 
============================================================
01:40:18 | INFO     | MODEL EVALUATION — HELD-OUT TEST SET
01:40:18 | INFO     | ============================================================
01:40:18 | INFO     | 
── Random Forest ──
01:40:18 | INFO     |   Accuracy (raw 8-class)    : 47.13%
01:40:18 | INFO     |   F1 Macro (raw)            : 43.40%
01:40:18 | INFO     |   F1 Weighted (raw)         : 45.57%
01:40:18 | INFO     |   Accuracy (interview 4-cls): 56.49%
01:40:18 | INFO     |   F1 Weighted (interview)   : 55.10%
01:40:18 | INFO     | 
  Per-class report:
              precision    recall  f1-score   support

       angry       0.63      0.68      0.66       283
        calm       0.44      0.59      0.51        32
     disgust       0.40      0.31      0.35       283
     fearful       0.53      0.21      0.30       283
       happy       0.45      0.49      0.47       283
     neutral       0.43      0.59      0.50       231
         sad       0.43      0.59      0.50       283
   surprised       0.50      0.12      0.20        32

    accuracy                           0.47      1710
   macro avg       0.48      0.45      0.43      1710
weighted avg       0.48      0.47      0.46      1710

01:40:18 | INFO     | 
── SVM ──
01:40:21 | INFO     |   Accuracy (raw 8-class)    : 48.89%
01:40:21 | INFO     |   F1 Macro (raw)            : 47.75%
01:40:21 | INFO     |   F1 Weighted (raw)         : 47.73%
01:40:21 | INFO     |   Accuracy (interview 4-cls): 57.66%
01:40:21 | INFO     |   F1 Weighted (interview)   : 56.74%
01:40:21 | INFO     | 
  Per-class report:
              precision    recall  f1-score   support

       angry       0.63      0.73      0.67       283
        calm       0.38      0.81      0.51        32
     disgust       0.43      0.32      0.37       283
     fearful       0.53      0.25      0.34       283
       happy       0.53      0.46      0.50       283
     neutral       0.39      0.57      0.46       231
         sad       0.46      0.59      0.52       283
   surprised       0.55      0.38      0.44        32

    accuracy                           0.49      1710
   macro avg       0.49      0.51      0.48      1710
weighted avg       0.50      0.49      0.48      1710

01:40:21 | INFO     | 
============================================================
01:40:21 | INFO     | FINAL MODEL COMPARISON
01:40:21 | INFO     | ============================================================
01:40:21 | INFO     | Model                            CV Acc   Test Acc   F1 Macro      F1 Wt    Interview
01:40:21 | INFO     | -------------------------------------------------------------------------------------
01:40:21 | INFO     |   SVM                    52.91% ± 0.82%     48.89%     47.75%     47.73%       57.66% ◄ BEST
01:40:21 | INFO     |   Random Forest          51.83% ± 0.92%     47.13%     43.40%     45.57%       56.49%
01:40:21 | INFO     | 
[SAVE] Saving best model...
01:40:21 | INFO     | 
Best model selected: SVM
01:40:21 | INFO     |   Test accuracy (raw)      : 48.89%
01:40:21 | INFO     |   Interview accuracy (4-cls): 57.66%
01:40:21 | INFO     | Metadata saved: C:\Users\Manan Sharma\OneDrive\Documents\ai interview project\interview_evaluator\models\emotion_model_metadata.json
01:40:21 | INFO     | Model bundle saved: C:\Users\Manan Sharma\OneDrive\Documents\ai interview project\interview_evaluator\models\emotion_model.pkl  (11.2 MB)
01:40:21 | INFO     | 
╔══════════════════════════════════════════════════════════╗
01:40:21 | INFO     | ║              TRAINING COMPLETE                          ║
01:40:21 | INFO     | ╠══════════════════════════════════════════════════════════╣
01:40:21 | INFO     | ║  Best model       : SVM                                   ║
01:40:21 | INFO     | ║  CV Accuracy      : 52.91% ± 0.82%                            ║
01:40:21 | INFO     | ║  Test Accuracy    : 48.89%                                      ║
01:40:21 | INFO     | ║  Interview Acc    : 57.66% (4-class)                            ║
01:40:21 | INFO     | ║  F1 Macro         : 47.75%                                      ║
01:40:21 | INFO     | ║  Total time       :  33.3 minutes                                   ║
01:40:21 | INFO     | ║  Saved to         : .../emotion_model.pkl                    ║
01:40:21 | INFO     | ╚══════════════════════════════════════════════════════════╝

